// Jest Snapshot v1, https://goo.gl/fbAQLP

exports[`Search renders correctly 1`] = `
<div>
  <div
    style={
      Object {
        "marginBottom": "20px",
      }
    }
  >
    <SearchForm
      onSearch={[Function]}
    />
  </div>
  <Thumbnails
    onClick={[Function]}
    photos={Array []}
  />
</div>
`;

exports[`Search searches correctly 1`] = `
<div>
  <div
    style={
      Object {
        "marginBottom": "20px",
      }
    }
  >
    <SearchForm
      onSearch={[Function]}
    />
  </div>
  <Thumbnails
    onClick={[Function]}
    photos={
      Array [
        Object {
          "aperture": "8",
          "camera": "Canon EOS 6D",
          "category": 9,
          "collections_count": 27,
          "comments_count": 8,
          "converted": 31,
          "converted_bits": 31,
          "created_at": "2014-03-14T23:23:54-04:00",
          "crop_version": 0,
          "description": "Shinjuku highway criss cross",
          "favorites_count": 35,
          "focal_length": "19",
          "for_sale": true,
          "for_sale_date": null,
          "height": 5472,
          "hi_res_uploaded": 2,
          "highest_rating": 87.1,
          "highest_rating_date": "2014-03-15T05:01:39-04:00",
          "id": 63835479,
          "image_format": "jpeg",
          "image_url": Array [
            "https://drscdn.500px.org/photo/63835479/w%3D280_h%3D280/67f4205dc8d9009c92d5fcb62abfd34b?v=0",
            "https://drscdn.500px.org/photo/63835479/m%3D900_k%3D1_a%3D1/399d0e54f01e5d4398566b498cc1519e",
          ],
          "images": Array [
            Object {
              "format": "jpeg",
              "https_url": "https://drscdn.500px.org/photo/63835479/w%3D280_h%3D280/67f4205dc8d9009c92d5fcb62abfd34b?v=0",
              "size": 3,
              "url": "https://drscdn.500px.org/photo/63835479/w%3D280_h%3D280/67f4205dc8d9009c92d5fcb62abfd34b?v=0",
            },
            Object {
              "format": "jpeg",
              "https_url": "https://drscdn.500px.org/photo/63835479/m%3D900_k%3D1_a%3D1/399d0e54f01e5d4398566b498cc1519e",
              "size": 4,
              "url": "https://drscdn.500px.org/photo/63835479/m%3D900_k%3D1_a%3D1/399d0e54f01e5d4398566b498cc1519e",
            },
          ],
          "is_free_photo": false,
          "iso": "100",
          "latitude": 35.682455,
          "lens": null,
          "license_type": 0,
          "licensing_requested": false,
          "licensing_suggested": false,
          "location": null,
          "longitude": 139.688652,
          "name": "Junction trails",
          "nsfw": false,
          "positive_votes_count": 259,
          "privacy": false,
          "profile": true,
          "rating": 49.5,
          "sales_count": 0,
          "shutter_speed": "10",
          "status": 1,
          "taken_at": "2013-11-10T21:06:59-05:00",
          "times_viewed": 37084,
          "url": "/photo/63835479/junction-trails-by-yo-homma",
          "user": Object {
            "affection": 2299,
            "avatars": Object {
              "default": Object {
                "https": "https://pacdn.500px.org/2838303/36c34d8451c6a4bcf6c184255a825e78ac551b5a/1.jpg?1",
              },
              "large": Object {
                "https": "https://pacdn.500px.org/2838303/36c34d8451c6a4bcf6c184255a825e78ac551b5a/2.jpg?1",
              },
              "small": Object {
                "https": "https://pacdn.500px.org/2838303/36c34d8451c6a4bcf6c184255a825e78ac551b5a/3.jpg?1",
              },
              "tiny": Object {
                "https": "https://pacdn.500px.org/2838303/36c34d8451c6a4bcf6c184255a825e78ac551b5a/4.jpg?1",
              },
            },
            "city": "Singapore",
            "country": "Singapore",
            "cover_url": "https://pacdn.500px.org/2838303/36c34d8451c6a4bcf6c184255a825e78ac551b5a/cover_2048.jpg?2",
            "firstname": "Yo",
            "followers_count": 70,
            "fullname": "Yo Homma",
            "id": 2838303,
            "lastname": "Homma",
            "store_on": true,
            "upgrade_status": 0,
            "username": "YoHomma",
            "userpic_https_url": "https://pacdn.500px.org/2838303/36c34d8451c6a4bcf6c184255a825e78ac551b5a/1.jpg?1",
            "userpic_url": "https://pacdn.500px.org/2838303/36c34d8451c6a4bcf6c184255a825e78ac551b5a/1.jpg?1",
            "usertype": 0,
          },
          "user_id": 2838303,
          "votes_count": 259,
          "watermark": false,
          "width": 3648,
        },
        Object {
          "aperture": "4.5",
          "camera": "Olympus Imaging CORP. E-M5",
          "category": 8,
          "collections_count": 13,
          "comments_count": 12,
          "converted": 31,
          "converted_bits": 31,
          "created_at": "2014-03-13T17:42:18-04:00",
          "crop_version": 0,
          "description": "",
          "favorites_count": 50,
          "focal_length": "9",
          "for_sale": true,
          "for_sale_date": null,
          "height": 2876,
          "hi_res_uploaded": 1,
          "highest_rating": 92.3,
          "highest_rating_date": "2014-03-14T15:31:47-04:00",
          "id": 63730567,
          "image_format": "jpeg",
          "image_url": Array [
            "https://drscdn.500px.org/photo/63730567/w%3D280_h%3D280/f8023f833a00ed5b0d5a78015dd6ce22?v=0",
            "https://drscdn.500px.org/photo/63730567/m%3D900_k%3D1_a%3D1/47a671bc66f3d20191daef234396ed8e",
          ],
          "images": Array [
            Object {
              "format": "jpeg",
              "https_url": "https://drscdn.500px.org/photo/63730567/w%3D280_h%3D280/f8023f833a00ed5b0d5a78015dd6ce22?v=0",
              "size": 3,
              "url": "https://drscdn.500px.org/photo/63730567/w%3D280_h%3D280/f8023f833a00ed5b0d5a78015dd6ce22?v=0",
            },
            Object {
              "format": "jpeg",
              "https_url": "https://drscdn.500px.org/photo/63730567/m%3D900_k%3D1_a%3D1/47a671bc66f3d20191daef234396ed8e",
              "size": 4,
              "url": "https://drscdn.500px.org/photo/63730567/m%3D900_k%3D1_a%3D1/47a671bc66f3d20191daef234396ed8e",
            },
          ],
          "is_free_photo": false,
          "iso": "100",
          "latitude": null,
          "lens": "",
          "license_type": 0,
          "licensing_requested": false,
          "licensing_suggested": false,
          "location": null,
          "longitude": null,
          "name": "Zurich - Pier",
          "nsfw": false,
          "positive_votes_count": 341,
          "privacy": false,
          "profile": true,
          "rating": 49.6,
          "sales_count": 0,
          "shutter_speed": "30",
          "status": 1,
          "taken_at": "2014-02-17T19:00:36-05:00",
          "times_viewed": 22503,
          "url": "/photo/63730567/zurich-pier-by-marco-hofmann",
          "user": Object {
            "affection": 6148,
            "avatars": Object {
              "default": Object {
                "https": "https://pacdn.500px.org/435479/6fab13c567010640a7f4e8b069ced44941d55fc6/1.jpg?0",
              },
              "large": Object {
                "https": "https://pacdn.500px.org/435479/6fab13c567010640a7f4e8b069ced44941d55fc6/2.jpg?0",
              },
              "small": Object {
                "https": "https://pacdn.500px.org/435479/6fab13c567010640a7f4e8b069ced44941d55fc6/3.jpg?0",
              },
              "tiny": Object {
                "https": "https://pacdn.500px.org/435479/6fab13c567010640a7f4e8b069ced44941d55fc6/4.jpg?0",
              },
            },
            "city": "Zurich",
            "country": "Switzerland",
            "cover_url": "https://pacdn.500px.org/435479/6fab13c567010640a7f4e8b069ced44941d55fc6/cover_2048.jpg?6",
            "firstname": "Marco",
            "followers_count": 685,
            "fullname": "Marco Hofmann",
            "id": 435479,
            "lastname": "Hofmann",
            "store_on": true,
            "upgrade_status": 2,
            "username": "marcohofmann",
            "userpic_https_url": "https://pacdn.500px.org/435479/6fab13c567010640a7f4e8b069ced44941d55fc6/1.jpg?0",
            "userpic_url": "https://pacdn.500px.org/435479/6fab13c567010640a7f4e8b069ced44941d55fc6/1.jpg?0",
            "usertype": 0,
          },
          "user_id": 435479,
          "votes_count": 341,
          "watermark": false,
          "width": 4607,
        },
        Object {
          "aperture": "22",
          "camera": "NIKON D3200",
          "category": 8,
          "collections_count": 11,
          "comments_count": 4,
          "converted": 31,
          "converted_bits": 31,
          "created_at": "2014-07-17T01:48:47-04:00",
          "crop_version": 0,
          "description": "a nice river",
          "favorites_count": 31,
          "focal_length": "18",
          "for_sale": true,
          "for_sale_date": null,
          "height": 4000,
          "hi_res_uploaded": 2,
          "highest_rating": 88.5,
          "highest_rating_date": "2014-07-17T07:20:37-04:00",
          "id": 76841387,
          "image_format": "jpeg",
          "image_url": Array [
            "https://drscdn.500px.org/photo/76841387/w%3D280_h%3D280/0aeb7fa17244f346c9df2214a51d6f54?v=0",
            "https://drscdn.500px.org/photo/76841387/m%3D900_k%3D1_a%3D1/625961770b3306d5a58ba96848847346",
          ],
          "images": Array [
            Object {
              "format": "jpeg",
              "https_url": "https://drscdn.500px.org/photo/76841387/w%3D280_h%3D280/0aeb7fa17244f346c9df2214a51d6f54?v=0",
              "size": 3,
              "url": "https://drscdn.500px.org/photo/76841387/w%3D280_h%3D280/0aeb7fa17244f346c9df2214a51d6f54?v=0",
            },
            Object {
              "format": "jpeg",
              "https_url": "https://drscdn.500px.org/photo/76841387/m%3D900_k%3D1_a%3D1/625961770b3306d5a58ba96848847346",
              "size": 4,
              "url": "https://drscdn.500px.org/photo/76841387/m%3D900_k%3D1_a%3D1/625961770b3306d5a58ba96848847346",
            },
          ],
          "is_free_photo": false,
          "iso": "100",
          "latitude": null,
          "lens": null,
          "license_type": 0,
          "licensing_requested": false,
          "licensing_suggested": false,
          "location": null,
          "longitude": null,
          "name": "Fario",
          "nsfw": false,
          "positive_votes_count": 167,
          "privacy": false,
          "profile": true,
          "rating": 49.2,
          "sales_count": 0,
          "shutter_speed": "2",
          "status": 1,
          "taken_at": "2014-07-16T20:33:26-04:00",
          "times_viewed": 11890,
          "url": "/photo/76841387/fario-by-priamo",
          "user": Object {
            "affection": 900,
            "avatars": Object {
              "default": Object {
                "https": "https://secure.gravatar.com/avatar/d93e793e239f76701b4a10371f7fff4b?s=300&r=g&d=https://pacdn.500px.org/userpic.png",
              },
              "large": Object {
                "https": "https://secure.gravatar.com/avatar/d93e793e239f76701b4a10371f7fff4b?s=100&r=g&d=https://pacdn.500px.org/userpic.png",
              },
              "small": Object {
                "https": "https://secure.gravatar.com/avatar/d93e793e239f76701b4a10371f7fff4b?s=50&r=g&d=https://pacdn.500px.org/userpic.png",
              },
              "tiny": Object {
                "https": "https://secure.gravatar.com/avatar/d93e793e239f76701b4a10371f7fff4b?s=30&r=g&d=https://pacdn.500px.org/userpic.png",
              },
            },
            "city": "",
            "country": "Italy's",
            "cover_url": "https://pacdn.500px.org/4440832/b54e8582fd4932268d6cf0a4fbb7bbbdd12ac5c8/cover_2048.jpg?3",
            "firstname": "Priamo",
            "followers_count": 17,
            "fullname": "Priamo",
            "id": 4440832,
            "lastname": "",
            "store_on": true,
            "upgrade_status": 0,
            "username": "priamo",
            "userpic_https_url": "https://secure.gravatar.com/avatar/d93e793e239f76701b4a10371f7fff4b?s=300&r=g&d=https://pacdn.500px.org/userpic.png",
            "userpic_url": "https://secure.gravatar.com/avatar/d93e793e239f76701b4a10371f7fff4b?s=300&r=g&d=https://pacdn.500px.org/userpic.png",
            "usertype": 0,
          },
          "user_id": 4440832,
          "votes_count": 167,
          "watermark": false,
          "width": 6016,
        },
        Object {
          "aperture": "13",
          "camera": "Canon EOS 5D Mark III",
          "category": 9,
          "collections_count": 12,
          "comments_count": 1,
          "converted": 27,
          "converted_bits": 27,
          "created_at": "2015-02-19T03:05:42-05:00",
          "crop_version": 9,
          "description": "I really wanna thank Prague for being so beautiful!",
          "favorites_count": 12,
          "focal_length": "53",
          "for_sale": true,
          "for_sale_date": null,
          "height": 1535,
          "hi_res_uploaded": 0,
          "highest_rating": 90.5,
          "highest_rating_date": "2015-02-19T16:26:54-05:00",
          "id": 99417191,
          "image_format": "jpeg",
          "image_url": Array [
            "https://drscdn.500px.org/photo/99417191/w%3D280_h%3D280/14c607cd405d06f3bdd35f0d771f26e1?v=9",
            "https://drscdn.500px.org/photo/99417191/m%3D900_k%3D1_a%3D1/01390091c251ad17ded14997c44790d3",
          ],
          "images": Array [
            Object {
              "format": "jpeg",
              "https_url": "https://drscdn.500px.org/photo/99417191/w%3D280_h%3D280/14c607cd405d06f3bdd35f0d771f26e1?v=9",
              "size": 3,
              "url": "https://drscdn.500px.org/photo/99417191/w%3D280_h%3D280/14c607cd405d06f3bdd35f0d771f26e1?v=9",
            },
            Object {
              "format": "jpeg",
              "https_url": "https://drscdn.500px.org/photo/99417191/m%3D900_k%3D1_a%3D1/01390091c251ad17ded14997c44790d3",
              "size": 4,
              "url": "https://drscdn.500px.org/photo/99417191/m%3D900_k%3D1_a%3D1/01390091c251ad17ded14997c44790d3",
            },
          ],
          "is_free_photo": false,
          "iso": "100",
          "latitude": 50.08561976127,
          "lens": "EF24-70mm f/2.8L II USM",
          "license_type": 0,
          "licensing_requested": false,
          "licensing_suggested": false,
          "location": null,
          "longitude": 14.4135475158691,
          "name": "Prague Elegance",
          "nsfw": false,
          "positive_votes_count": 207,
          "privacy": false,
          "profile": true,
          "rating": 49.3,
          "sales_count": 0,
          "shutter_speed": "240",
          "status": 1,
          "taken_at": "2015-02-07T00:38:27-05:00",
          "times_viewed": 18229,
          "url": "/photo/99417191/prague-elegance-by-marco-capellari",
          "user": Object {
            "affection": 11729,
            "avatars": Object {
              "default": Object {
                "https": "https://pacdn.500px.org/7808435/15180cb2699d0d66a611ce5424aeed8230ee1b85/1.jpg?3",
              },
              "large": Object {
                "https": "https://pacdn.500px.org/7808435/15180cb2699d0d66a611ce5424aeed8230ee1b85/2.jpg?3",
              },
              "small": Object {
                "https": "https://pacdn.500px.org/7808435/15180cb2699d0d66a611ce5424aeed8230ee1b85/3.jpg?3",
              },
              "tiny": Object {
                "https": "https://pacdn.500px.org/7808435/15180cb2699d0d66a611ce5424aeed8230ee1b85/4.jpg?3",
              },
            },
            "city": "London",
            "country": "United Kingdom",
            "cover_url": "https://pacdn.500px.org/7808435/15180cb2699d0d66a611ce5424aeed8230ee1b85/cover_2048.jpg?23",
            "firstname": "Marco",
            "followers_count": 205,
            "fullname": "Marco Capellari",
            "id": 7808435,
            "lastname": "Capellari",
            "store_on": true,
            "upgrade_status": 0,
            "username": "MarcoCap80",
            "userpic_https_url": "https://pacdn.500px.org/7808435/15180cb2699d0d66a611ce5424aeed8230ee1b85/1.jpg?3",
            "userpic_url": "https://pacdn.500px.org/7808435/15180cb2699d0d66a611ce5424aeed8230ee1b85/1.jpg?3",
            "usertype": 0,
          },
          "user_id": 7808435,
          "votes_count": 207,
          "watermark": false,
          "width": 2303,
        },
        Object {
          "aperture": "13",
          "camera": "Canon EOS 5D",
          "category": 8,
          "collections_count": 6,
          "comments_count": 3,
          "converted": 31,
          "converted_bits": 31,
          "created_at": "2014-05-03T15:47:21-04:00",
          "crop_version": 0,
          "description": "Stura di Lanzo",
          "favorites_count": 25,
          "focal_length": "100",
          "for_sale": true,
          "for_sale_date": null,
          "height": 1365,
          "hi_res_uploaded": 1,
          "highest_rating": 93.6,
          "highest_rating_date": "2014-05-04T14:13:10-04:00",
          "id": 69253929,
          "image_format": "jpeg",
          "image_url": Array [
            "https://drscdn.500px.org/photo/69253929/w%3D280_h%3D280/4a118b07d2e92dc9ea740981581cf165?v=0",
            "https://drscdn.500px.org/photo/69253929/m%3D900_k%3D1_a%3D1/1c6e52528fe81e9e20e8a2c08bcd3db8",
          ],
          "images": Array [
            Object {
              "format": "jpeg",
              "https_url": "https://drscdn.500px.org/photo/69253929/w%3D280_h%3D280/4a118b07d2e92dc9ea740981581cf165?v=0",
              "size": 3,
              "url": "https://drscdn.500px.org/photo/69253929/w%3D280_h%3D280/4a118b07d2e92dc9ea740981581cf165?v=0",
            },
            Object {
              "format": "jpeg",
              "https_url": "https://drscdn.500px.org/photo/69253929/m%3D900_k%3D1_a%3D1/1c6e52528fe81e9e20e8a2c08bcd3db8",
              "size": 4,
              "url": "https://drscdn.500px.org/photo/69253929/m%3D900_k%3D1_a%3D1/1c6e52528fe81e9e20e8a2c08bcd3db8",
            },
          ],
          "is_free_photo": false,
          "iso": "50",
          "latitude": 45.267879652482,
          "lens": "EF 100mm f/2,8 macro",
          "license_type": 0,
          "licensing_requested": false,
          "licensing_suggested": false,
          "location": null,
          "longitude": 7.48289108276367,
          "name": "Stura di Lanzo",
          "nsfw": false,
          "positive_votes_count": 178,
          "privacy": false,
          "profile": true,
          "rating": 49.2,
          "sales_count": 0,
          "shutter_speed": "13",
          "status": 1,
          "taken_at": "2014-05-03T18:17:08-04:00",
          "times_viewed": 11444,
          "url": "/photo/69253929/stura-di-lanzo-by-andrea-varetto",
          "user": Object {
            "affection": 10282,
            "avatars": Object {
              "default": Object {
                "https": "https://pacdn.500px.org/765705/6856b0c67008c631d33842c6a8bcf88c6a89d1ea/1.jpg?127",
              },
              "large": Object {
                "https": "https://pacdn.500px.org/765705/6856b0c67008c631d33842c6a8bcf88c6a89d1ea/2.jpg?127",
              },
              "small": Object {
                "https": "https://pacdn.500px.org/765705/6856b0c67008c631d33842c6a8bcf88c6a89d1ea/3.jpg?127",
              },
              "tiny": Object {
                "https": "https://pacdn.500px.org/765705/6856b0c67008c631d33842c6a8bcf88c6a89d1ea/4.jpg?127",
              },
            },
            "city": "TORINO",
            "country": "ITALIA",
            "cover_url": "https://pacdn.500px.org/765705/6856b0c67008c631d33842c6a8bcf88c6a89d1ea/cover_2048.jpg?2",
            "firstname": "Andrea",
            "followers_count": 670,
            "fullname": "Andrea Varetto",
            "id": 765705,
            "lastname": "Varetto",
            "store_on": true,
            "upgrade_status": 0,
            "username": "andreavaretto",
            "userpic_https_url": "https://pacdn.500px.org/765705/6856b0c67008c631d33842c6a8bcf88c6a89d1ea/1.jpg?127",
            "userpic_url": "https://pacdn.500px.org/765705/6856b0c67008c631d33842c6a8bcf88c6a89d1ea/1.jpg?127",
            "usertype": 0,
          },
          "user_id": 765705,
          "votes_count": 178,
          "watermark": false,
          "width": 2048,
        },
        Object {
          "aperture": "20",
          "camera": "NIKON D3200",
          "category": 10,
          "collections_count": 7,
          "comments_count": 4,
          "converted": 31,
          "converted_bits": 31,
          "created_at": "2015-01-26T04:21:52-05:00",
          "crop_version": 11,
          "description": "Fiestas de Vitoria 2013",
          "favorites_count": 26,
          "focal_length": "55",
          "for_sale": true,
          "for_sale_date": null,
          "height": 4000,
          "hi_res_uploaded": 2,
          "highest_rating": 93,
          "highest_rating_date": "2015-01-27T04:24:23-05:00",
          "id": 96897331,
          "image_format": "jpeg",
          "image_url": Array [
            "https://drscdn.500px.org/photo/96897331/w%3D280_h%3D280/ba41e8db5ed84074c078ea059ce4ae9c?v=11",
            "https://drscdn.500px.org/photo/96897331/m%3D900_k%3D1_a%3D1/b49fb161e739e4037d62d1004b824505",
          ],
          "images": Array [
            Object {
              "format": "jpeg",
              "https_url": "https://drscdn.500px.org/photo/96897331/w%3D280_h%3D280/ba41e8db5ed84074c078ea059ce4ae9c?v=11",
              "size": 3,
              "url": "https://drscdn.500px.org/photo/96897331/w%3D280_h%3D280/ba41e8db5ed84074c078ea059ce4ae9c?v=11",
            },
            Object {
              "format": "jpeg",
              "https_url": "https://drscdn.500px.org/photo/96897331/m%3D900_k%3D1_a%3D1/b49fb161e739e4037d62d1004b824505",
              "size": 4,
              "url": "https://drscdn.500px.org/photo/96897331/m%3D900_k%3D1_a%3D1/b49fb161e739e4037d62d1004b824505",
            },
          ],
          "is_free_photo": false,
          "iso": "100",
          "latitude": 42.8477788423599,
          "lens": null,
          "license_type": 0,
          "licensing_requested": false,
          "licensing_suggested": false,
          "location": null,
          "longitude": -2.67208099365234,
          "name": "Fireworks",
          "nsfw": false,
          "positive_votes_count": 232,
          "privacy": false,
          "profile": true,
          "rating": 49.4,
          "sales_count": 0,
          "shutter_speed": "30",
          "status": 1,
          "taken_at": "2013-08-08T23:06:39-04:00",
          "times_viewed": 28863,
          "url": "/photo/96897331/fireworks-by-daniel-ib%C3%A1%C3%B1ez",
          "user": Object {
            "affection": 4028,
            "avatars": Object {
              "default": Object {
                "https": "https://pacdn.500px.org/9119321/8823d9b12f55ef9182bd31fe5a0d6b5138d269eb/1.jpg?1",
              },
              "large": Object {
                "https": "https://pacdn.500px.org/9119321/8823d9b12f55ef9182bd31fe5a0d6b5138d269eb/2.jpg?1",
              },
              "small": Object {
                "https": "https://pacdn.500px.org/9119321/8823d9b12f55ef9182bd31fe5a0d6b5138d269eb/3.jpg?1",
              },
              "tiny": Object {
                "https": "https://pacdn.500px.org/9119321/8823d9b12f55ef9182bd31fe5a0d6b5138d269eb/4.jpg?1",
              },
            },
            "city": "Vitoria",
            "country": "Spain",
            "cover_url": "https://pacdn.500px.org/9119321/8823d9b12f55ef9182bd31fe5a0d6b5138d269eb/cover_2048.jpg?10",
            "firstname": "Daniel",
            "followers_count": 173,
            "fullname": "Daniel Ibáñez",
            "id": 9119321,
            "lastname": "Ibáñez",
            "store_on": true,
            "upgrade_status": 0,
            "username": "DanielIbanezParra",
            "userpic_https_url": "https://pacdn.500px.org/9119321/8823d9b12f55ef9182bd31fe5a0d6b5138d269eb/1.jpg?1",
            "userpic_url": "https://pacdn.500px.org/9119321/8823d9b12f55ef9182bd31fe5a0d6b5138d269eb/1.jpg?1",
            "usertype": 0,
          },
          "user_id": 9119321,
          "votes_count": 232,
          "watermark": false,
          "width": 6016,
        },
        Object {
          "aperture": "f/8.6",
          "camera": "Canon EOS 550D",
          "category": 8,
          "collections_count": 101,
          "comments_count": 3,
          "converted": 31,
          "converted_bits": 31,
          "created_at": "2014-03-10T16:06:21-04:00",
          "crop_version": 0,
          "description": "",
          "favorites_count": 25,
          "focal_length": "10",
          "for_sale": true,
          "for_sale_date": null,
          "height": 4017,
          "hi_res_uploaded": 2,
          "highest_rating": 91.8,
          "highest_rating_date": "2014-03-11T00:08:13-04:00",
          "id": 63425207,
          "image_format": "jpeg",
          "image_url": Array [
            "https://drscdn.500px.org/photo/63425207/w%3D280_h%3D280/a26497a76099ecc12e1fe9e64fd653d3?v=0",
            "https://drscdn.500px.org/photo/63425207/m%3D900_k%3D1_a%3D1/53cff1aacf7e2b6359b09c7ba01b4832",
          ],
          "images": Array [
            Object {
              "format": "jpeg",
              "https_url": "https://drscdn.500px.org/photo/63425207/w%3D280_h%3D280/a26497a76099ecc12e1fe9e64fd653d3?v=0",
              "size": 3,
              "url": "https://drscdn.500px.org/photo/63425207/w%3D280_h%3D280/a26497a76099ecc12e1fe9e64fd653d3?v=0",
            },
            Object {
              "format": "jpeg",
              "https_url": "https://drscdn.500px.org/photo/63425207/m%3D900_k%3D1_a%3D1/53cff1aacf7e2b6359b09c7ba01b4832",
              "size": 4,
              "url": "https://drscdn.500px.org/photo/63425207/m%3D900_k%3D1_a%3D1/53cff1aacf7e2b6359b09c7ba01b4832",
            },
          ],
          "is_free_photo": false,
          "iso": "100",
          "latitude": null,
          "lens": "10-20mm",
          "license_type": 0,
          "licensing_requested": false,
          "licensing_suggested": false,
          "location": null,
          "longitude": null,
          "name": "Glastonbury Tor",
          "nsfw": false,
          "positive_votes_count": 193,
          "privacy": false,
          "profile": true,
          "rating": 49.3,
          "sales_count": 0,
          "shutter_speed": "60",
          "status": 1,
          "taken_at": null,
          "times_viewed": 8053,
          "url": "/photo/63425207/glastonbury-tor-by-graham-duerden",
          "user": Object {
            "affection": 1694,
            "avatars": Object {
              "default": Object {
                "https": "https://pacdn.500px.org/1253641/b758586142a5b845b5ea5f86a46d9b8093855ef2/1.jpg?3",
              },
              "large": Object {
                "https": "https://pacdn.500px.org/1253641/b758586142a5b845b5ea5f86a46d9b8093855ef2/2.jpg?3",
              },
              "small": Object {
                "https": "https://pacdn.500px.org/1253641/b758586142a5b845b5ea5f86a46d9b8093855ef2/3.jpg?3",
              },
              "tiny": Object {
                "https": "https://pacdn.500px.org/1253641/b758586142a5b845b5ea5f86a46d9b8093855ef2/4.jpg?3",
              },
            },
            "city": "Bristol",
            "country": "UK",
            "cover_url": "https://pacdn.500px.org/1253641/b758586142a5b845b5ea5f86a46d9b8093855ef2/cover_2048.jpg?8",
            "firstname": "Graham",
            "followers_count": 28,
            "fullname": "Graham Duerden",
            "id": 1253641,
            "lastname": "Duerden",
            "store_on": true,
            "upgrade_status": 0,
            "username": "GrahamDuerden",
            "userpic_https_url": "https://pacdn.500px.org/1253641/b758586142a5b845b5ea5f86a46d9b8093855ef2/1.jpg?3",
            "userpic_url": "https://pacdn.500px.org/1253641/b758586142a5b845b5ea5f86a46d9b8093855ef2/1.jpg?3",
            "usertype": 0,
          },
          "user_id": 1253641,
          "votes_count": 193,
          "watermark": false,
          "width": 2679,
        },
        Object {
          "aperture": "8",
          "camera": "Canon EOS 6D",
          "category": 9,
          "collections_count": 28,
          "comments_count": 10,
          "converted": 27,
          "converted_bits": 27,
          "created_at": "2015-09-27T17:12:13-04:00",
          "crop_version": 6,
          "description": "Vasco da Gama Bridge shining bright...
      
      Lisbon, Portugal",
          "favorites_count": 24,
          "focal_length": "16",
          "for_sale": true,
          "for_sale_date": null,
          "height": 2000,
          "hi_res_uploaded": 1,
          "highest_rating": 90.3,
          "highest_rating_date": "2015-09-28T16:23:41-04:00",
          "id": 123195029,
          "image_format": "jpeg",
          "image_url": Array [
            "https://drscdn.500px.org/photo/123195029/w%3D280_h%3D280/5c2ae602eed0a7a0cc88490ff75b1d34?v=6",
            "https://drscdn.500px.org/photo/123195029/m%3D900_k%3D1_a%3D1/55c0cfdd60756a9ea50c2fd9b0b4ddff",
          ],
          "images": Array [
            Object {
              "format": "jpeg",
              "https_url": "https://drscdn.500px.org/photo/123195029/w%3D280_h%3D280/5c2ae602eed0a7a0cc88490ff75b1d34?v=6",
              "size": 3,
              "url": "https://drscdn.500px.org/photo/123195029/w%3D280_h%3D280/5c2ae602eed0a7a0cc88490ff75b1d34?v=6",
            },
            Object {
              "format": "jpeg",
              "https_url": "https://drscdn.500px.org/photo/123195029/m%3D900_k%3D1_a%3D1/55c0cfdd60756a9ea50c2fd9b0b4ddff",
              "size": 4,
              "url": "https://drscdn.500px.org/photo/123195029/m%3D900_k%3D1_a%3D1/55c0cfdd60756a9ea50c2fd9b0b4ddff",
            },
          ],
          "is_free_photo": false,
          "iso": "50",
          "latitude": 38.787968,
          "lens": "EF16-35mm f/4L IS USM",
          "license_type": 0,
          "licensing_requested": false,
          "licensing_suggested": false,
          "location": null,
          "longitude": -9.091027,
          "name": "Reflecting bridge",
          "nsfw": false,
          "positive_votes_count": 280,
          "privacy": false,
          "profile": true,
          "rating": 49.5,
          "sales_count": 0,
          "shutter_speed": "13",
          "status": 1,
          "taken_at": "2015-08-15T20:05:49-04:00",
          "times_viewed": 18022,
          "url": "/photo/123195029/reflecting-bridge-by-alexandre-de-sousa",
          "user": Object {
            "affection": 11293,
            "avatars": Object {
              "default": Object {
                "https": "https://pacdn.500px.org/7212171/3b261e832492bafac95074d248e38a04d24d4db1/1.jpg?2",
              },
              "large": Object {
                "https": "https://pacdn.500px.org/7212171/3b261e832492bafac95074d248e38a04d24d4db1/2.jpg?2",
              },
              "small": Object {
                "https": "https://pacdn.500px.org/7212171/3b261e832492bafac95074d248e38a04d24d4db1/3.jpg?2",
              },
              "tiny": Object {
                "https": "https://pacdn.500px.org/7212171/3b261e832492bafac95074d248e38a04d24d4db1/4.jpg?2",
              },
            },
            "city": "Lisbon",
            "country": "Portugal",
            "cover_url": "https://pacdn.500px.org/7212171/3b261e832492bafac95074d248e38a04d24d4db1/cover_2048.jpg?4",
            "firstname": "Alexandre",
            "followers_count": 247,
            "fullname": "Alexandre de Sousa",
            "id": 7212171,
            "lastname": "de Sousa",
            "store_on": true,
            "upgrade_status": 0,
            "username": "AlexandredeSousaPhotography",
            "userpic_https_url": "https://pacdn.500px.org/7212171/3b261e832492bafac95074d248e38a04d24d4db1/1.jpg?2",
            "userpic_url": "https://pacdn.500px.org/7212171/3b261e832492bafac95074d248e38a04d24d4db1/1.jpg?2",
            "usertype": 0,
          },
          "user_id": 7212171,
          "votes_count": 280,
          "watermark": false,
          "width": 3000,
        },
        Object {
          "aperture": "8",
          "camera": "E-M5",
          "category": 8,
          "collections_count": 22,
          "comments_count": 1,
          "converted": 31,
          "converted_bits": 31,
          "created_at": "2014-07-16T14:28:22-04:00",
          "crop_version": 0,
          "description": "Long exposure with a 10 stop nd",
          "favorites_count": 7,
          "focal_length": "12",
          "for_sale": true,
          "for_sale_date": null,
          "height": 3068,
          "hi_res_uploaded": 2,
          "highest_rating": 83.4,
          "highest_rating_date": "2014-07-16T15:51:03-04:00",
          "id": 76796395,
          "image_format": "jpeg",
          "image_url": Array [
            "https://drscdn.500px.org/photo/76796395/w%3D280_h%3D280/b85de1c7d1005433d40a14120696254a?v=0",
            "https://drscdn.500px.org/photo/76796395/m%3D900_k%3D1_a%3D1/6a0262a92d3a8a55cd27fe286614e66d",
          ],
          "images": Array [
            Object {
              "format": "jpeg",
              "https_url": "https://drscdn.500px.org/photo/76796395/w%3D280_h%3D280/b85de1c7d1005433d40a14120696254a?v=0",
              "size": 3,
              "url": "https://drscdn.500px.org/photo/76796395/w%3D280_h%3D280/b85de1c7d1005433d40a14120696254a?v=0",
            },
            Object {
              "format": "jpeg",
              "https_url": "https://drscdn.500px.org/photo/76796395/m%3D900_k%3D1_a%3D1/6a0262a92d3a8a55cd27fe286614e66d",
              "size": 4,
              "url": "https://drscdn.500px.org/photo/76796395/m%3D900_k%3D1_a%3D1/6a0262a92d3a8a55cd27fe286614e66d",
            },
          ],
          "is_free_photo": false,
          "iso": "200",
          "latitude": null,
          "lens": null,
          "license_type": 0,
          "licensing_requested": false,
          "licensing_suggested": false,
          "location": null,
          "longitude": null,
          "name": "Looks cold",
          "nsfw": false,
          "positive_votes_count": 115,
          "privacy": false,
          "profile": true,
          "rating": 48.8,
          "sales_count": 0,
          "shutter_speed": "86",
          "status": 1,
          "taken_at": "2014-07-14T22:28:44-04:00",
          "times_viewed": 7223,
          "url": "/photo/76796395/looks-cold-by-j%C3%B8rgen-norstr%C3%B8m",
          "user": Object {
            "affection": 533,
            "avatars": Object {
              "default": Object {
                "https": "https://secure.gravatar.com/avatar/f354b28f93004d987d87bbe955d5936a?s=300&r=g&d=https://pacdn.500px.org/userpic.png",
              },
              "large": Object {
                "https": "https://secure.gravatar.com/avatar/f354b28f93004d987d87bbe955d5936a?s=100&r=g&d=https://pacdn.500px.org/userpic.png",
              },
              "small": Object {
                "https": "https://secure.gravatar.com/avatar/f354b28f93004d987d87bbe955d5936a?s=50&r=g&d=https://pacdn.500px.org/userpic.png",
              },
              "tiny": Object {
                "https": "https://secure.gravatar.com/avatar/f354b28f93004d987d87bbe955d5936a?s=30&r=g&d=https://pacdn.500px.org/userpic.png",
              },
            },
            "city": "",
            "country": "",
            "cover_url": "https://pacdn.500px.org/8938373/03024b0590d79892643e73e0a0746f5d7934ffe3/cover_2048.jpg?8",
            "firstname": "Jørgen",
            "followers_count": 30,
            "fullname": "Jørgen Norstrøm",
            "id": 8938373,
            "lastname": "Norstrøm",
            "store_on": true,
            "upgrade_status": 0,
            "username": "jorgennor",
            "userpic_https_url": "https://secure.gravatar.com/avatar/f354b28f93004d987d87bbe955d5936a?s=300&r=g&d=https://pacdn.500px.org/userpic.png",
            "userpic_url": "https://secure.gravatar.com/avatar/f354b28f93004d987d87bbe955d5936a?s=300&r=g&d=https://pacdn.500px.org/userpic.png",
            "usertype": 0,
          },
          "user_id": 8938373,
          "votes_count": 115,
          "watermark": false,
          "width": 4091,
        },
        Object {
          "aperture": "14",
          "camera": "Canon EOS 70D",
          "category": 13,
          "collections_count": 4,
          "comments_count": 1,
          "converted": 27,
          "converted_bits": 27,
          "created_at": "2016-05-30T06:23:16-04:00",
          "crop_version": 3,
          "description": "Ragusa on Sicily in Italy",
          "favorites_count": 0,
          "focal_length": "11",
          "for_sale": true,
          "for_sale_date": null,
          "height": 4428,
          "hi_res_uploaded": 0,
          "highest_rating": 87.7,
          "highest_rating_date": "2016-05-30T20:07:04-04:00",
          "id": 156174679,
          "image_format": "jpeg",
          "image_url": Array [
            "https://drscdn.500px.org/photo/156174679/w%3D280_h%3D280/f91cde182e51aba534280936f5705aa0?v=3",
            "https://drscdn.500px.org/photo/156174679/m%3D900_k%3D1_a%3D1/a8cef3fceafa1c432dd839d0752b0b6f",
          ],
          "images": Array [
            Object {
              "format": "jpeg",
              "https_url": "https://drscdn.500px.org/photo/156174679/w%3D280_h%3D280/f91cde182e51aba534280936f5705aa0?v=3",
              "size": 3,
              "url": "https://drscdn.500px.org/photo/156174679/w%3D280_h%3D280/f91cde182e51aba534280936f5705aa0?v=3",
            },
            Object {
              "format": "jpeg",
              "https_url": "https://drscdn.500px.org/photo/156174679/m%3D900_k%3D1_a%3D1/a8cef3fceafa1c432dd839d0752b0b6f",
              "size": 4,
              "url": "https://drscdn.500px.org/photo/156174679/m%3D900_k%3D1_a%3D1/a8cef3fceafa1c432dd839d0752b0b6f",
            },
          ],
          "is_free_photo": false,
          "iso": "100",
          "latitude": null,
          "lens": "11-16mm",
          "license_type": 0,
          "licensing_requested": false,
          "licensing_suggested": false,
          "location": null,
          "longitude": null,
          "name": "ragusa",
          "nsfw": false,
          "positive_votes_count": 179,
          "privacy": false,
          "profile": true,
          "rating": 49.2,
          "sales_count": 0,
          "shutter_speed": "30",
          "status": 1,
          "taken_at": "2016-05-17T19:37:25-04:00",
          "times_viewed": 22367,
          "url": "/photo/156174679/ragusa-by-christoph-schaarschmidt",
          "user": Object {
            "affection": 10422,
            "avatars": Object {
              "default": Object {
                "https": "https://pacdn.500px.org/407214/d91dc361e4ac5332a9d438377fc030f82c4a60b1/1.jpg?113",
              },
              "large": Object {
                "https": "https://pacdn.500px.org/407214/d91dc361e4ac5332a9d438377fc030f82c4a60b1/2.jpg?113",
              },
              "small": Object {
                "https": "https://pacdn.500px.org/407214/d91dc361e4ac5332a9d438377fc030f82c4a60b1/3.jpg?113",
              },
              "tiny": Object {
                "https": "https://pacdn.500px.org/407214/d91dc361e4ac5332a9d438377fc030f82c4a60b1/4.jpg?113",
              },
            },
            "city": "Zschopau",
            "country": "Germany",
            "cover_url": "https://pacdn.500px.org/407214/d91dc361e4ac5332a9d438377fc030f82c4a60b1/cover_2048.jpg?8",
            "firstname": "Christoph",
            "followers_count": 518,
            "fullname": "Christoph Schaarschmidt",
            "id": 407214,
            "lastname": "Schaarschmidt",
            "store_on": true,
            "upgrade_status": 2,
            "username": "christoph-schaarschmidt",
            "userpic_https_url": "https://pacdn.500px.org/407214/d91dc361e4ac5332a9d438377fc030f82c4a60b1/1.jpg?113",
            "userpic_url": "https://pacdn.500px.org/407214/d91dc361e4ac5332a9d438377fc030f82c4a60b1/1.jpg?113",
            "usertype": 0,
          },
          "user_id": 407214,
          "votes_count": 179,
          "watermark": false,
          "width": 3018,
        },
        Object {
          "aperture": "5.6",
          "camera": "Canon EOS 650D",
          "category": 27,
          "collections_count": 19,
          "comments_count": 6,
          "converted": 31,
          "converted_bits": 31,
          "created_at": "2014-09-17T18:42:19-04:00",
          "crop_version": 9,
          "description": "<a href=\\"https://www.facebook.com/FabianVoglPhoto\\">Nature&amp;Landscape Photography</a>",
          "favorites_count": 72,
          "focal_length": "36",
          "for_sale": true,
          "for_sale_date": null,
          "height": 2567,
          "hi_res_uploaded": 2,
          "highest_rating": 95.7,
          "highest_rating_date": "2014-09-18T18:20:27-04:00",
          "id": 83674487,
          "image_format": "jpeg",
          "image_url": Array [
            "https://drscdn.500px.org/photo/83674487/w%3D280_h%3D280/a36eef466e19b16c71660f203fc8c3f8?v=9",
            "https://drscdn.500px.org/photo/83674487/m%3D900_k%3D1_a%3D1/1ededc9d89606e4fd4ae36c0b5e8a637",
          ],
          "images": Array [
            Object {
              "format": "jpeg",
              "https_url": "https://drscdn.500px.org/photo/83674487/w%3D280_h%3D280/a36eef466e19b16c71660f203fc8c3f8?v=9",
              "size": 3,
              "url": "https://drscdn.500px.org/photo/83674487/w%3D280_h%3D280/a36eef466e19b16c71660f203fc8c3f8?v=9",
            },
            Object {
              "format": "jpeg",
              "https_url": "https://drscdn.500px.org/photo/83674487/m%3D900_k%3D1_a%3D1/1ededc9d89606e4fd4ae36c0b5e8a637",
              "size": 4,
              "url": "https://drscdn.500px.org/photo/83674487/m%3D900_k%3D1_a%3D1/1ededc9d89606e4fd4ae36c0b5e8a637",
            },
          ],
          "is_free_photo": false,
          "iso": "100",
          "latitude": null,
          "lens": null,
          "license_type": 0,
          "licensing_requested": false,
          "licensing_suggested": false,
          "location": null,
          "longitude": null,
          "name": "Over the rainbow",
          "nsfw": false,
          "positive_votes_count": 275,
          "privacy": false,
          "profile": true,
          "rating": 49.5,
          "sales_count": 0,
          "shutter_speed": "1/250",
          "status": 1,
          "taken_at": "2014-08-19T18:23:25-04:00",
          "times_viewed": 11787,
          "url": "/photo/83674487/over-the-rainbow-by-fabian-vogl",
          "user": Object {
            "affection": 22759,
            "avatars": Object {
              "default": Object {
                "https": "https://pacdn.500px.org/4181086/8ee10467e11c401f53ee35d02e3b5ff1cca9b36e/1.jpg?3",
              },
              "large": Object {
                "https": "https://pacdn.500px.org/4181086/8ee10467e11c401f53ee35d02e3b5ff1cca9b36e/2.jpg?3",
              },
              "small": Object {
                "https": "https://pacdn.500px.org/4181086/8ee10467e11c401f53ee35d02e3b5ff1cca9b36e/3.jpg?3",
              },
              "tiny": Object {
                "https": "https://pacdn.500px.org/4181086/8ee10467e11c401f53ee35d02e3b5ff1cca9b36e/4.jpg?3",
              },
            },
            "city": "Munich",
            "country": "Germany",
            "cover_url": "https://pacdn.500px.org/4181086/8ee10467e11c401f53ee35d02e3b5ff1cca9b36e/cover_2048.jpg?20",
            "firstname": "Fabian",
            "followers_count": 1320,
            "fullname": "Fabian Vogl",
            "id": 4181086,
            "lastname": "Vogl",
            "store_on": true,
            "upgrade_status": 0,
            "username": "fagl",
            "userpic_https_url": "https://pacdn.500px.org/4181086/8ee10467e11c401f53ee35d02e3b5ff1cca9b36e/1.jpg?3",
            "userpic_url": "https://pacdn.500px.org/4181086/8ee10467e11c401f53ee35d02e3b5ff1cca9b36e/1.jpg?3",
            "usertype": 0,
          },
          "user_id": 4181086,
          "votes_count": 275,
          "watermark": false,
          "width": 4107,
        },
        Object {
          "aperture": "3.2",
          "camera": "NIKON D600",
          "category": 8,
          "collections_count": 31,
          "comments_count": 20,
          "converted": 31,
          "converted_bits": 31,
          "created_at": "2014-03-16T07:38:14-04:00",
          "crop_version": 0,
          "description": "Near Tromvik.
      
      Thank you for watching. :)",
          "favorites_count": 50,
          "focal_length": "15",
          "for_sale": true,
          "for_sale_date": null,
          "height": 3828,
          "hi_res_uploaded": 2,
          "highest_rating": 93.7,
          "highest_rating_date": "2014-03-17T04:06:56-04:00",
          "id": 63956645,
          "image_format": "jpeg",
          "image_url": Array [
            "https://drscdn.500px.org/photo/63956645/w%3D280_h%3D280/b51bc06655225c876022013cdf8c94aa?v=0",
            "https://drscdn.500px.org/photo/63956645/m%3D900_k%3D1_a%3D1/7fb91f4e41687202f2fbb3281df893aa",
          ],
          "images": Array [
            Object {
              "format": "jpeg",
              "https_url": "https://drscdn.500px.org/photo/63956645/w%3D280_h%3D280/b51bc06655225c876022013cdf8c94aa?v=0",
              "size": 3,
              "url": "https://drscdn.500px.org/photo/63956645/w%3D280_h%3D280/b51bc06655225c876022013cdf8c94aa?v=0",
            },
            Object {
              "format": "jpeg",
              "https_url": "https://drscdn.500px.org/photo/63956645/m%3D900_k%3D1_a%3D1/7fb91f4e41687202f2fbb3281df893aa",
              "size": 4,
              "url": "https://drscdn.500px.org/photo/63956645/m%3D900_k%3D1_a%3D1/7fb91f4e41687202f2fbb3281df893aa",
            },
          ],
          "is_free_photo": false,
          "iso": "1250",
          "latitude": 69.7742045591822,
          "lens": null,
          "license_type": 0,
          "licensing_requested": false,
          "licensing_suggested": false,
          "location": null,
          "longitude": 18.5387420654297,
          "name": "Green Bay",
          "nsfw": false,
          "positive_votes_count": 272,
          "privacy": false,
          "profile": true,
          "rating": 49.5,
          "sales_count": 0,
          "shutter_speed": "13",
          "status": 1,
          "taken_at": "2014-02-20T20:54:23-05:00",
          "times_viewed": 27517,
          "url": "/photo/63956645/green-bay-by-carlo-resta",
          "user": Object {
            "affection": 5111,
            "avatars": Object {
              "default": Object {
                "https": "https://pacdn.500px.org/229572/23722777ed2202cc1f34eb1f39e296d45d8272d4/1.jpg?4",
              },
              "large": Object {
                "https": "https://pacdn.500px.org/229572/23722777ed2202cc1f34eb1f39e296d45d8272d4/2.jpg?4",
              },
              "small": Object {
                "https": "https://pacdn.500px.org/229572/23722777ed2202cc1f34eb1f39e296d45d8272d4/3.jpg?4",
              },
              "tiny": Object {
                "https": "https://pacdn.500px.org/229572/23722777ed2202cc1f34eb1f39e296d45d8272d4/4.jpg?4",
              },
            },
            "city": "Bologna",
            "country": "Italy",
            "cover_url": "https://pacdn.500px.org/229572/23722777ed2202cc1f34eb1f39e296d45d8272d4/cover_2048.jpg?9",
            "firstname": "Carlo",
            "followers_count": 225,
            "fullname": "Carlo Resta",
            "id": 229572,
            "lastname": "Resta",
            "store_on": true,
            "upgrade_status": 1,
            "username": "carloresta20",
            "userpic_https_url": "https://pacdn.500px.org/229572/23722777ed2202cc1f34eb1f39e296d45d8272d4/1.jpg?4",
            "userpic_url": "https://pacdn.500px.org/229572/23722777ed2202cc1f34eb1f39e296d45d8272d4/1.jpg?4",
            "usertype": 0,
          },
          "user_id": 229572,
          "votes_count": 272,
          "watermark": false,
          "width": 5734,
        },
        Object {
          "aperture": "2.8",
          "camera": "NIKON D600",
          "category": 8,
          "collections_count": 33,
          "comments_count": 18,
          "converted": 31,
          "converted_bits": 31,
          "created_at": "2014-03-14T14:17:02-04:00",
          "crop_version": 0,
          "description": "Another picture taken in Ersfjordbotn, near Tromsø.
      
      Image selected in the \\"Top 100 IMS Photo Contest 2015\\".
      Image printed on the book \\"Atem der Berge / Spirit of Mountains\\".
      
      PS: yes, i'm a Bruce Springsteen's fan :)",
          "favorites_count": 107,
          "focal_length": "14",
          "for_sale": true,
          "for_sale_date": null,
          "height": 3837,
          "hi_res_uploaded": 2,
          "highest_rating": 92.1,
          "highest_rating_date": "2014-03-15T11:38:00-04:00",
          "id": 63802775,
          "image_format": "jpeg",
          "image_url": Array [
            "https://drscdn.500px.org/photo/63802775/w%3D280_h%3D280/dc4fe9c7f7992d8aca5c451226d38341?v=0",
            "https://drscdn.500px.org/photo/63802775/m%3D900_k%3D1_a%3D1/40298ab978e86d1e1bcb4753db535762",
          ],
          "images": Array [
            Object {
              "format": "jpeg",
              "https_url": "https://drscdn.500px.org/photo/63802775/w%3D280_h%3D280/dc4fe9c7f7992d8aca5c451226d38341?v=0",
              "size": 3,
              "url": "https://drscdn.500px.org/photo/63802775/w%3D280_h%3D280/dc4fe9c7f7992d8aca5c451226d38341?v=0",
            },
            Object {
              "format": "jpeg",
              "https_url": "https://drscdn.500px.org/photo/63802775/m%3D900_k%3D1_a%3D1/40298ab978e86d1e1bcb4753db535762",
              "size": 4,
              "url": "https://drscdn.500px.org/photo/63802775/m%3D900_k%3D1_a%3D1/40298ab978e86d1e1bcb4753db535762",
            },
          ],
          "is_free_photo": false,
          "iso": "1250",
          "latitude": 69.6919084953243,
          "lens": null,
          "license_type": 0,
          "licensing_requested": false,
          "licensing_suggested": false,
          "location": null,
          "longitude": 18.5552215576172,
          "name": "Dancing In The Dark",
          "nsfw": false,
          "positive_votes_count": 401,
          "privacy": false,
          "profile": true,
          "rating": 49.7,
          "sales_count": 1,
          "shutter_speed": "13",
          "status": 1,
          "taken_at": "2014-02-20T22:33:34-05:00",
          "times_viewed": 36838,
          "url": "/photo/63802775/dancing-in-the-dark-by-carlo-resta",
          "user": Object {
            "affection": 5111,
            "avatars": Object {
              "default": Object {
                "https": "https://pacdn.500px.org/229572/23722777ed2202cc1f34eb1f39e296d45d8272d4/1.jpg?4",
              },
              "large": Object {
                "https": "https://pacdn.500px.org/229572/23722777ed2202cc1f34eb1f39e296d45d8272d4/2.jpg?4",
              },
              "small": Object {
                "https": "https://pacdn.500px.org/229572/23722777ed2202cc1f34eb1f39e296d45d8272d4/3.jpg?4",
              },
              "tiny": Object {
                "https": "https://pacdn.500px.org/229572/23722777ed2202cc1f34eb1f39e296d45d8272d4/4.jpg?4",
              },
            },
            "city": "Bologna",
            "country": "Italy",
            "cover_url": "https://pacdn.500px.org/229572/23722777ed2202cc1f34eb1f39e296d45d8272d4/cover_2048.jpg?9",
            "firstname": "Carlo",
            "followers_count": 225,
            "fullname": "Carlo Resta",
            "id": 229572,
            "lastname": "Resta",
            "store_on": true,
            "upgrade_status": 1,
            "username": "carloresta20",
            "userpic_https_url": "https://pacdn.500px.org/229572/23722777ed2202cc1f34eb1f39e296d45d8272d4/1.jpg?4",
            "userpic_url": "https://pacdn.500px.org/229572/23722777ed2202cc1f34eb1f39e296d45d8272d4/1.jpg?4",
            "usertype": 0,
          },
          "user_id": 229572,
          "votes_count": 401,
          "watermark": false,
          "width": 5748,
        },
        Object {
          "aperture": "5.6",
          "camera": "Canon EOS 1000D",
          "category": 9,
          "collections_count": 12,
          "comments_count": 10,
          "converted": 31,
          "converted_bits": 31,
          "created_at": "2014-05-03T01:22:06-04:00",
          "crop_version": 0,
          "description": "This photo was taken from a balcony during a spring storm, the light show was amazing!",
          "favorites_count": 50,
          "focal_length": "18",
          "for_sale": true,
          "for_sale_date": null,
          "height": 2045,
          "hi_res_uploaded": 2,
          "highest_rating": 96.2,
          "highest_rating_date": "2014-05-04T01:23:06-04:00",
          "id": 69176397,
          "image_format": "jpeg",
          "image_url": Array [
            "https://drscdn.500px.org/photo/69176397/w%3D280_h%3D280/280e1124292f51ffc1859a60d98ad325?v=0",
            "https://drscdn.500px.org/photo/69176397/m%3D900_k%3D1_a%3D1/3beee07b1e111f08f10b914a7912c277",
          ],
          "images": Array [
            Object {
              "format": "jpeg",
              "https_url": "https://drscdn.500px.org/photo/69176397/w%3D280_h%3D280/280e1124292f51ffc1859a60d98ad325?v=0",
              "size": 3,
              "url": "https://drscdn.500px.org/photo/69176397/w%3D280_h%3D280/280e1124292f51ffc1859a60d98ad325?v=0",
            },
            Object {
              "format": "jpeg",
              "https_url": "https://drscdn.500px.org/photo/69176397/m%3D900_k%3D1_a%3D1/3beee07b1e111f08f10b914a7912c277",
              "size": 4,
              "url": "https://drscdn.500px.org/photo/69176397/m%3D900_k%3D1_a%3D1/3beee07b1e111f08f10b914a7912c277",
            },
          ],
          "is_free_photo": false,
          "iso": "100",
          "latitude": null,
          "lens": null,
          "license_type": 0,
          "licensing_requested": false,
          "licensing_suggested": false,
          "location": null,
          "longitude": null,
          "name": "Wrath of god!",
          "nsfw": false,
          "positive_votes_count": 227,
          "privacy": false,
          "profile": true,
          "rating": 49.4,
          "sales_count": 0,
          "shutter_speed": "13",
          "status": 1,
          "taken_at": "2013-05-13T20:00:11-04:00",
          "times_viewed": 18519,
          "url": "/photo/69176397/wrath-of-god-by-eitan-rotbart",
          "user": Object {
            "affection": 4956,
            "avatars": Object {
              "default": Object {
                "https": "https://pacdn.500px.org/7782455/0e9ad1bbf451b3a049488fa1f2f00d1745b23594/1.jpg?1",
              },
              "large": Object {
                "https": "https://pacdn.500px.org/7782455/0e9ad1bbf451b3a049488fa1f2f00d1745b23594/2.jpg?1",
              },
              "small": Object {
                "https": "https://pacdn.500px.org/7782455/0e9ad1bbf451b3a049488fa1f2f00d1745b23594/3.jpg?1",
              },
              "tiny": Object {
                "https": "https://pacdn.500px.org/7782455/0e9ad1bbf451b3a049488fa1f2f00d1745b23594/4.jpg?1",
              },
            },
            "city": "Rehovot",
            "country": "Israel",
            "cover_url": "https://pacdn.500px.org/7782455/0e9ad1bbf451b3a049488fa1f2f00d1745b23594/cover_2048.jpg?4",
            "firstname": "Eitan",
            "followers_count": 184,
            "fullname": "Eitan Rotbart",
            "id": 7782455,
            "lastname": "Rotbart",
            "store_on": true,
            "upgrade_status": 0,
            "username": "Eitan-ro",
            "userpic_https_url": "https://pacdn.500px.org/7782455/0e9ad1bbf451b3a049488fa1f2f00d1745b23594/1.jpg?1",
            "userpic_url": "https://pacdn.500px.org/7782455/0e9ad1bbf451b3a049488fa1f2f00d1745b23594/1.jpg?1",
            "usertype": 0,
          },
          "user_id": 7782455,
          "votes_count": 227,
          "watermark": false,
          "width": 3821,
        },
        Object {
          "aperture": "9",
          "camera": "NIKON D7000",
          "category": 8,
          "collections_count": 11,
          "comments_count": 3,
          "converted": 31,
          "converted_bits": 31,
          "created_at": "2014-06-04T07:04:46-04:00",
          "crop_version": 0,
          "description": "Le Castella, provincia di crotone, un posto incantato ripreso proprio durante il tramonto, quando la luce del sole calava e quella dei fari del castello si accendeva.
      
      FOLLOW ME 
      
      -https://www.facebook.com/DanieleLigatofotografia 
      
      danieleligatophotography.wordpress.com/",
          "favorites_count": 17,
          "focal_length": "10",
          "for_sale": true,
          "for_sale_date": null,
          "height": 2000,
          "hi_res_uploaded": 1,
          "highest_rating": 92.6,
          "highest_rating_date": "2014-06-05T06:52:20-04:00",
          "id": 72624433,
          "image_format": "jpeg",
          "image_url": Array [
            "https://drscdn.500px.org/photo/72624433/w%3D280_h%3D280/21d7e37ecbe6f6d5309c746c0c6f4843?v=0",
            "https://drscdn.500px.org/photo/72624433/m%3D900_k%3D1_a%3D1/3056fe94dc9c4a497fb54a309ddad8cb",
          ],
          "images": Array [
            Object {
              "format": "jpeg",
              "https_url": "https://drscdn.500px.org/photo/72624433/w%3D280_h%3D280/21d7e37ecbe6f6d5309c746c0c6f4843?v=0",
              "size": 3,
              "url": "https://drscdn.500px.org/photo/72624433/w%3D280_h%3D280/21d7e37ecbe6f6d5309c746c0c6f4843?v=0",
            },
            Object {
              "format": "jpeg",
              "https_url": "https://drscdn.500px.org/photo/72624433/m%3D900_k%3D1_a%3D1/3056fe94dc9c4a497fb54a309ddad8cb",
              "size": 4,
              "url": "https://drscdn.500px.org/photo/72624433/m%3D900_k%3D1_a%3D1/3056fe94dc9c4a497fb54a309ddad8cb",
            },
          ],
          "is_free_photo": false,
          "iso": "250",
          "latitude": 38.9081663907061,
          "lens": null,
          "license_type": 0,
          "licensing_requested": false,
          "licensing_suggested": false,
          "location": null,
          "longitude": 17.021791934967,
          "name": "Between day and night - Le Castella (KR)",
          "nsfw": false,
          "positive_votes_count": 94,
          "privacy": false,
          "profile": true,
          "rating": 48.5,
          "sales_count": 0,
          "shutter_speed": "30",
          "status": 1,
          "taken_at": "2014-06-01T19:04:02-04:00",
          "times_viewed": 9094,
          "url": "/photo/72624433/between-day-and-night-le-castella-kr-by-daniele-ligato",
          "user": Object {
            "affection": 2884,
            "avatars": Object {
              "default": Object {
                "https": "https://pacdn.500px.org/1328051/cdccc354a705d3ace5fb0b402b9051774ae231d1/1.jpg?13",
              },
              "large": Object {
                "https": "https://pacdn.500px.org/1328051/cdccc354a705d3ace5fb0b402b9051774ae231d1/2.jpg?13",
              },
              "small": Object {
                "https": "https://pacdn.500px.org/1328051/cdccc354a705d3ace5fb0b402b9051774ae231d1/3.jpg?13",
              },
              "tiny": Object {
                "https": "https://pacdn.500px.org/1328051/cdccc354a705d3ace5fb0b402b9051774ae231d1/4.jpg?13",
              },
            },
            "city": "melicuccà (RC)",
            "country": "italy",
            "cover_url": "https://pacdn.500px.org/1328051/cdccc354a705d3ace5fb0b402b9051774ae231d1/cover_2048.jpg?27",
            "firstname": "Daniele",
            "followers_count": 96,
            "fullname": "Daniele Ligato",
            "id": 1328051,
            "lastname": "Ligato",
            "store_on": true,
            "upgrade_status": 0,
            "username": "DanieleLigato",
            "userpic_https_url": "https://pacdn.500px.org/1328051/cdccc354a705d3ace5fb0b402b9051774ae231d1/1.jpg?13",
            "userpic_url": "https://pacdn.500px.org/1328051/cdccc354a705d3ace5fb0b402b9051774ae231d1/1.jpg?13",
            "usertype": 0,
          },
          "user_id": 1328051,
          "votes_count": 94,
          "watermark": true,
          "width": 1333,
        },
        Object {
          "aperture": "13",
          "camera": "Canon EOS 60D",
          "category": 9,
          "collections_count": 34,
          "comments_count": 11,
          "converted": 31,
          "converted_bits": 31,
          "created_at": "2014-10-21T11:36:07-04:00",
          "crop_version": 5,
          "description": null,
          "favorites_count": 61,
          "focal_length": "17",
          "for_sale": true,
          "for_sale_date": null,
          "height": 3456,
          "hi_res_uploaded": 2,
          "highest_rating": 90.7,
          "highest_rating_date": "2014-10-22T10:08:32-04:00",
          "id": 87111511,
          "image_format": "jpeg",
          "image_url": Array [
            "https://drscdn.500px.org/photo/87111511/w%3D280_h%3D280/de03f115b4f98454f3a04bf176cae807?v=5",
            "https://drscdn.500px.org/photo/87111511/m%3D900_k%3D1_a%3D1/abdcc7ee9868ee819e3305127098587c",
          ],
          "images": Array [
            Object {
              "format": "jpeg",
              "https_url": "https://drscdn.500px.org/photo/87111511/w%3D280_h%3D280/de03f115b4f98454f3a04bf176cae807?v=5",
              "size": 3,
              "url": "https://drscdn.500px.org/photo/87111511/w%3D280_h%3D280/de03f115b4f98454f3a04bf176cae807?v=5",
            },
            Object {
              "format": "jpeg",
              "https_url": "https://drscdn.500px.org/photo/87111511/m%3D900_k%3D1_a%3D1/abdcc7ee9868ee819e3305127098587c",
              "size": 4,
              "url": "https://drscdn.500px.org/photo/87111511/m%3D900_k%3D1_a%3D1/abdcc7ee9868ee819e3305127098587c",
            },
          ],
          "is_free_photo": false,
          "iso": "100",
          "latitude": null,
          "lens": null,
          "license_type": 0,
          "licensing_requested": false,
          "licensing_suggested": false,
          "location": null,
          "longitude": null,
          "name": "The Houses of Parliament",
          "nsfw": false,
          "positive_votes_count": 376,
          "privacy": false,
          "profile": true,
          "rating": 49.7,
          "sales_count": 0,
          "shutter_speed": "8",
          "status": 1,
          "taken_at": "2014-10-19T17:44:28-04:00",
          "times_viewed": 23765,
          "url": "/photo/87111511/the-houses-of-parliament-by-mike-greenham",
          "user": Object {
            "affection": 18207,
            "avatars": Object {
              "default": Object {
                "https": "https://pacdn.500px.org/7542373/d47c0cbecbdf860dd992b3b621cbb6e08f85ebf7/1.jpg?1",
              },
              "large": Object {
                "https": "https://pacdn.500px.org/7542373/d47c0cbecbdf860dd992b3b621cbb6e08f85ebf7/2.jpg?1",
              },
              "small": Object {
                "https": "https://pacdn.500px.org/7542373/d47c0cbecbdf860dd992b3b621cbb6e08f85ebf7/3.jpg?1",
              },
              "tiny": Object {
                "https": "https://pacdn.500px.org/7542373/d47c0cbecbdf860dd992b3b621cbb6e08f85ebf7/4.jpg?1",
              },
            },
            "city": "",
            "country": "UK",
            "cover_url": "https://pacdn.500px.org/7542373/d47c0cbecbdf860dd992b3b621cbb6e08f85ebf7/cover_2048.jpg?24",
            "firstname": "Mike",
            "followers_count": 1055,
            "fullname": "Mike Greenham",
            "id": 7542373,
            "lastname": "Greenham",
            "store_on": true,
            "upgrade_status": 0,
            "username": "mikegreenham",
            "userpic_https_url": "https://pacdn.500px.org/7542373/d47c0cbecbdf860dd992b3b621cbb6e08f85ebf7/1.jpg?1",
            "userpic_url": "https://pacdn.500px.org/7542373/d47c0cbecbdf860dd992b3b621cbb6e08f85ebf7/1.jpg?1",
            "usertype": 0,
          },
          "user_id": 7542373,
          "votes_count": 376,
          "watermark": false,
          "width": 5184,
        },
        Object {
          "aperture": "5",
          "camera": "Canon EOS 6D",
          "category": 9,
          "collections_count": 9,
          "comments_count": 2,
          "converted": 31,
          "converted_bits": 31,
          "created_at": "2014-06-06T18:37:50-04:00",
          "crop_version": 0,
          "description": "Venice its great for long exposure pictures. The water silky effect.",
          "favorites_count": 31,
          "focal_length": "50",
          "for_sale": true,
          "for_sale_date": null,
          "height": 4924,
          "hi_res_uploaded": 2,
          "highest_rating": 91.9,
          "highest_rating_date": "2014-06-07T06:13:07-04:00",
          "id": 72887905,
          "image_format": "jpeg",
          "image_url": Array [
            "https://drscdn.500px.org/photo/72887905/w%3D280_h%3D280/392182cd121ae0b4d596c691f1af1db7?v=0",
            "https://drscdn.500px.org/photo/72887905/m%3D900_k%3D1_a%3D1/22d8413f39a92052eda5c6bfefc1abf1",
          ],
          "images": Array [
            Object {
              "format": "jpeg",
              "https_url": "https://drscdn.500px.org/photo/72887905/w%3D280_h%3D280/392182cd121ae0b4d596c691f1af1db7?v=0",
              "size": 3,
              "url": "https://drscdn.500px.org/photo/72887905/w%3D280_h%3D280/392182cd121ae0b4d596c691f1af1db7?v=0",
            },
            Object {
              "format": "jpeg",
              "https_url": "https://drscdn.500px.org/photo/72887905/m%3D900_k%3D1_a%3D1/22d8413f39a92052eda5c6bfefc1abf1",
              "size": 4,
              "url": "https://drscdn.500px.org/photo/72887905/m%3D900_k%3D1_a%3D1/22d8413f39a92052eda5c6bfefc1abf1",
            },
          ],
          "is_free_photo": false,
          "iso": "100",
          "latitude": 45.439227,
          "lens": null,
          "license_type": 0,
          "licensing_requested": false,
          "licensing_suggested": false,
          "location": null,
          "longitude": 12.327475,
          "name": "Venice long exposure",
          "nsfw": false,
          "positive_votes_count": 179,
          "privacy": false,
          "profile": true,
          "rating": 49.2,
          "sales_count": 0,
          "shutter_speed": "30",
          "status": 1,
          "taken_at": "2014-05-08T20:34:11-04:00",
          "times_viewed": 21374,
          "url": "/photo/72887905/venice-long-exposure-by-ivan-koch",
          "user": Object {
            "affection": 749,
            "avatars": Object {
              "default": Object {
                "https": "https://pacdn.500px.org/3403598/99abd5f3fc485ab4d4e6966eab9ed01e3b68dd8f/1.jpg?4",
              },
              "large": Object {
                "https": "https://pacdn.500px.org/3403598/99abd5f3fc485ab4d4e6966eab9ed01e3b68dd8f/2.jpg?4",
              },
              "small": Object {
                "https": "https://pacdn.500px.org/3403598/99abd5f3fc485ab4d4e6966eab9ed01e3b68dd8f/3.jpg?4",
              },
              "tiny": Object {
                "https": "https://pacdn.500px.org/3403598/99abd5f3fc485ab4d4e6966eab9ed01e3b68dd8f/4.jpg?4",
              },
            },
            "city": "New York",
            "country": "United States",
            "cover_url": "https://pacdn.500px.org/3403598/99abd5f3fc485ab4d4e6966eab9ed01e3b68dd8f/cover_2048.jpg?2",
            "firstname": "Ivan",
            "followers_count": 27,
            "fullname": "Ivan Koch",
            "id": 3403598,
            "lastname": "Koch",
            "store_on": true,
            "upgrade_status": 0,
            "username": "IvanKoch",
            "userpic_https_url": "https://pacdn.500px.org/3403598/99abd5f3fc485ab4d4e6966eab9ed01e3b68dd8f/1.jpg?4",
            "userpic_url": "https://pacdn.500px.org/3403598/99abd5f3fc485ab4d4e6966eab9ed01e3b68dd8f/1.jpg?4",
            "usertype": 0,
          },
          "user_id": 3403598,
          "votes_count": 179,
          "watermark": false,
          "width": 3242,
        },
        Object {
          "aperture": "16",
          "camera": "NIKON D7100",
          "category": 18,
          "collections_count": -61,
          "comments_count": 3,
          "converted": 31,
          "converted_bits": 31,
          "created_at": "2014-08-10T09:04:07-04:00",
          "crop_version": 0,
          "description": "A long exposure pic.",
          "favorites_count": 1,
          "focal_length": "18",
          "for_sale": true,
          "for_sale_date": null,
          "height": 6000,
          "hi_res_uploaded": 2,
          "highest_rating": 92.4,
          "highest_rating_date": "2014-08-10T21:57:32-04:00",
          "id": 79253787,
          "image_format": "jpeg",
          "image_url": Array [
            "https://drscdn.500px.org/photo/79253787/w%3D280_h%3D280/8e4d591ddfc79de4a796788eb060443a?v=0",
            "https://drscdn.500px.org/photo/79253787/m%3D900_k%3D1_a%3D1/cd6b4482ec973cbc95e8dd4677d2c5bd",
          ],
          "images": Array [
            Object {
              "format": "jpeg",
              "https_url": "https://drscdn.500px.org/photo/79253787/w%3D280_h%3D280/8e4d591ddfc79de4a796788eb060443a?v=0",
              "size": 3,
              "url": "https://drscdn.500px.org/photo/79253787/w%3D280_h%3D280/8e4d591ddfc79de4a796788eb060443a?v=0",
            },
            Object {
              "format": "jpeg",
              "https_url": "https://drscdn.500px.org/photo/79253787/m%3D900_k%3D1_a%3D1/cd6b4482ec973cbc95e8dd4677d2c5bd",
              "size": 4,
              "url": "https://drscdn.500px.org/photo/79253787/m%3D900_k%3D1_a%3D1/cd6b4482ec973cbc95e8dd4677d2c5bd",
            },
          ],
          "is_free_photo": false,
          "iso": "100",
          "latitude": 44.6454524876885,
          "lens": null,
          "license_type": 0,
          "licensing_requested": false,
          "licensing_suggested": false,
          "location": null,
          "longitude": 7.49713897705078,
          "name": "Acqua",
          "nsfw": false,
          "positive_votes_count": 140,
          "privacy": false,
          "profile": true,
          "rating": 48.9,
          "sales_count": 0,
          "shutter_speed": "2",
          "status": 1,
          "taken_at": "2014-07-27T09:15:32-04:00",
          "times_viewed": 12529,
          "url": "/photo/79253787/acqua-by-andrea-angaramo",
          "user": Object {
            "affection": 1596,
            "avatars": Object {
              "default": Object {
                "https": "https://secure.gravatar.com/avatar/be3e44646d7ba894da62a9119a2783f0?s=300&r=g&d=https://pacdn.500px.org/userpic.png",
              },
              "large": Object {
                "https": "https://secure.gravatar.com/avatar/be3e44646d7ba894da62a9119a2783f0?s=100&r=g&d=https://pacdn.500px.org/userpic.png",
              },
              "small": Object {
                "https": "https://secure.gravatar.com/avatar/be3e44646d7ba894da62a9119a2783f0?s=50&r=g&d=https://pacdn.500px.org/userpic.png",
              },
              "tiny": Object {
                "https": "https://secure.gravatar.com/avatar/be3e44646d7ba894da62a9119a2783f0?s=30&r=g&d=https://pacdn.500px.org/userpic.png",
              },
            },
            "city": "Saluzzo",
            "country": "Italy",
            "cover_url": "https://pacdn.500px.org/2912917/5e7c6cf114d87a36642158bde85ac81480f4f09c/cover_2048.jpg?4",
            "firstname": "Andrea",
            "followers_count": 15,
            "fullname": "Andrea Angaramo",
            "id": 2912917,
            "lastname": "Angaramo",
            "store_on": true,
            "upgrade_status": 0,
            "username": "andraanga",
            "userpic_https_url": "https://secure.gravatar.com/avatar/be3e44646d7ba894da62a9119a2783f0?s=300&r=g&d=https://pacdn.500px.org/userpic.png",
            "userpic_url": "https://secure.gravatar.com/avatar/be3e44646d7ba894da62a9119a2783f0?s=300&r=g&d=https://pacdn.500px.org/userpic.png",
            "usertype": 0,
          },
          "user_id": 2912917,
          "votes_count": 140,
          "watermark": false,
          "width": 4000,
        },
        Object {
          "aperture": "11",
          "camera": "Canon EOS 5D Mark II",
          "category": 8,
          "collections_count": 1,
          "comments_count": 6,
          "converted": 31,
          "converted_bits": 31,
          "created_at": "2014-03-19T17:06:38-04:00",
          "crop_version": 0,
          "description": null,
          "favorites_count": 21,
          "focal_length": "17",
          "for_sale": true,
          "for_sale_date": null,
          "height": 1067,
          "hi_res_uploaded": 1,
          "highest_rating": 93.6,
          "highest_rating_date": "2014-03-20T16:22:02-04:00",
          "id": 64324463,
          "image_format": "jpeg",
          "image_url": Array [
            "https://drscdn.500px.org/photo/64324463/w%3D280_h%3D280/e34bc9f5a3fea96cd2eb6f4e7190502a?v=0",
            "https://drscdn.500px.org/photo/64324463/m%3D900_k%3D1_a%3D1/7600b365c1854595e4a2bb8bfae4a87b",
          ],
          "images": Array [
            Object {
              "format": "jpeg",
              "https_url": "https://drscdn.500px.org/photo/64324463/w%3D280_h%3D280/e34bc9f5a3fea96cd2eb6f4e7190502a?v=0",
              "size": 3,
              "url": "https://drscdn.500px.org/photo/64324463/w%3D280_h%3D280/e34bc9f5a3fea96cd2eb6f4e7190502a?v=0",
            },
            Object {
              "format": "jpeg",
              "https_url": "https://drscdn.500px.org/photo/64324463/m%3D900_k%3D1_a%3D1/7600b365c1854595e4a2bb8bfae4a87b",
              "size": 4,
              "url": "https://drscdn.500px.org/photo/64324463/m%3D900_k%3D1_a%3D1/7600b365c1854595e4a2bb8bfae4a87b",
            },
          ],
          "is_free_photo": false,
          "iso": "100",
          "latitude": 64.8765009414052,
          "lens": null,
          "license_type": 0,
          "licensing_requested": false,
          "licensing_suggested": false,
          "location": null,
          "longitude": -24.045467376709,
          "name": "Another selfie",
          "nsfw": false,
          "positive_votes_count": 122,
          "privacy": false,
          "profile": true,
          "rating": 48.8,
          "sales_count": 0,
          "shutter_speed": "89",
          "status": 1,
          "taken_at": "2014-03-04T18:27:12-05:00",
          "times_viewed": 6754,
          "url": "/photo/64324463/another-selfie-by-trevor-davies",
          "user": Object {
            "affection": 754,
            "avatars": Object {
              "default": Object {
                "https": "https://pacdn.500px.org/5353796/c401b2c51b887d12563d0b774e67c0a81ed6564c/1.jpg?1",
              },
              "large": Object {
                "https": "https://pacdn.500px.org/5353796/c401b2c51b887d12563d0b774e67c0a81ed6564c/2.jpg?1",
              },
              "small": Object {
                "https": "https://pacdn.500px.org/5353796/c401b2c51b887d12563d0b774e67c0a81ed6564c/3.jpg?1",
              },
              "tiny": Object {
                "https": "https://pacdn.500px.org/5353796/c401b2c51b887d12563d0b774e67c0a81ed6564c/4.jpg?1",
              },
            },
            "city": "Portsmouth",
            "country": "United Kingdom",
            "cover_url": null,
            "firstname": "Trevor",
            "followers_count": 19,
            "fullname": "Trevor Davies",
            "id": 5353796,
            "lastname": "Davies",
            "store_on": true,
            "upgrade_status": 2,
            "username": "phototrev1",
            "userpic_https_url": "https://pacdn.500px.org/5353796/c401b2c51b887d12563d0b774e67c0a81ed6564c/1.jpg?1",
            "userpic_url": "https://pacdn.500px.org/5353796/c401b2c51b887d12563d0b774e67c0a81ed6564c/1.jpg?1",
            "usertype": 0,
          },
          "user_id": 5353796,
          "votes_count": 122,
          "watermark": false,
          "width": 1600,
        },
        Object {
          "aperture": "8",
          "camera": "ILCE-7R",
          "category": 9,
          "collections_count": 31,
          "comments_count": 5,
          "converted": 27,
          "converted_bits": 27,
          "created_at": "2015-04-20T18:08:38-04:00",
          "crop_version": 6,
          "description": "www.na3eem.ca",
          "favorites_count": 22,
          "focal_length": "38",
          "for_sale": true,
          "for_sale_date": null,
          "height": 4912,
          "hi_res_uploaded": 0,
          "highest_rating": 88.1,
          "highest_rating_date": "2015-04-21T13:28:42-04:00",
          "id": 105828979,
          "image_format": "jpeg",
          "image_url": Array [
            "https://drscdn.500px.org/photo/105828979/w%3D280_h%3D280/c08b16e75062f340877c2f053d89188c?v=6",
            "https://drscdn.500px.org/photo/105828979/m%3D900_k%3D1_a%3D1/a851cbec9d377ab81967e1ab490ee69b",
          ],
          "images": Array [
            Object {
              "format": "jpeg",
              "https_url": "https://drscdn.500px.org/photo/105828979/w%3D280_h%3D280/c08b16e75062f340877c2f053d89188c?v=6",
              "size": 3,
              "url": "https://drscdn.500px.org/photo/105828979/w%3D280_h%3D280/c08b16e75062f340877c2f053d89188c?v=6",
            },
            Object {
              "format": "jpeg",
              "https_url": "https://drscdn.500px.org/photo/105828979/m%3D900_k%3D1_a%3D1/a851cbec9d377ab81967e1ab490ee69b",
              "size": 4,
              "url": "https://drscdn.500px.org/photo/105828979/m%3D900_k%3D1_a%3D1/a851cbec9d377ab81967e1ab490ee69b",
            },
          ],
          "is_free_photo": false,
          "iso": "100",
          "latitude": 40.7534990704314,
          "lens": "FE 24-70mm F4 ZA OSS",
          "license_type": 0,
          "licensing_requested": false,
          "licensing_suggested": false,
          "location": null,
          "longitude": -73.9501762390137,
          "name": "Queensboro",
          "nsfw": false,
          "positive_votes_count": 174,
          "privacy": false,
          "profile": true,
          "rating": 49.2,
          "sales_count": 0,
          "shutter_speed": "20",
          "status": 1,
          "taken_at": "2015-04-17T23:44:48-04:00",
          "times_viewed": 37413,
          "url": "/photo/105828979/queensboro-by-naeem-jaffer",
          "user": Object {
            "affection": 8517,
            "avatars": Object {
              "default": Object {
                "https": "https://pacdn.500px.org/2088065/52777fe144c27067e22df45155ecafccf2d38570/1.jpg?5",
              },
              "large": Object {
                "https": "https://pacdn.500px.org/2088065/52777fe144c27067e22df45155ecafccf2d38570/2.jpg?5",
              },
              "small": Object {
                "https": "https://pacdn.500px.org/2088065/52777fe144c27067e22df45155ecafccf2d38570/3.jpg?5",
              },
              "tiny": Object {
                "https": "https://pacdn.500px.org/2088065/52777fe144c27067e22df45155ecafccf2d38570/4.jpg?5",
              },
            },
            "city": "Toronto",
            "country": "Canada",
            "cover_url": "https://pacdn.500px.org/2088065/52777fe144c27067e22df45155ecafccf2d38570/cover_2048.jpg?4",
            "firstname": "Naeem ",
            "followers_count": 842,
            "fullname": "Naeem  Jaffer",
            "id": 2088065,
            "lastname": "Jaffer ",
            "store_on": true,
            "upgrade_status": 2,
            "username": "Empty_Quarter",
            "userpic_https_url": "https://pacdn.500px.org/2088065/52777fe144c27067e22df45155ecafccf2d38570/1.jpg?5",
            "userpic_url": "https://pacdn.500px.org/2088065/52777fe144c27067e22df45155ecafccf2d38570/1.jpg?5",
            "usertype": 0,
          },
          "user_id": 2088065,
          "votes_count": 174,
          "watermark": false,
          "width": 7360,
        },
      ]
    }
  />
</div>
`;
